func "main":
   +3     i32.const[10]         
   +5     local.set[0]          
   +7     loop[]                  <-- +18: 9
   +9     call[func=1]          
  +11     local.get[0]          
  +13     i32.const[1]          
  +15     i32.sub               
  +16     local.tee[0]          
  +18     br_if[depth=0]          --> +7: 9, +20: 1
  +20     end                     <-- +18: 1
  +21     end                   
