func "main":
   +3     i32.const[5]          
   +5     local.set[0]          
   +7     loop[]                  <-- +18: 4
   +9     local.get[0]          
  +11     i32.const[1]          
  +13     i32.sub               
  +14     local.set[0]          
  +16     local.get[0]          
  +18     br_if[depth=0]          --> +7: 4, +20: 1
  +20     end                     <-- +18: 1
  +21     end                   
func "start":
   +3     i32.const[5]          
   +5     local.set[0]          
   +7     loop[]                  <-- +18: 0
   +9     local.get[0]          
  +11     i32.const[1]          
  +13     i32.sub               
  +14     local.set[0]          
  +16     local.get[0]          
  +18     br_if[depth=0]          --> +7: 0, +20: 0
  +20     end                     <-- +18: 0
  +21     end                   
