func #2:
   +1                local.get[0]
   +3                        if[]  --> +4: 2, +5: 1
   +5                         end  <-- +3: 1
   +6                         end
func #3:
   +1                local.get[0]
   +3              br_if[depth=0]  --> +4: 1, +5: 2
   +5                         end  <-- +3: 2
func #4:
   +1                     block[]
   +3                     block[]
   +5                     block[]
   +7                     block[]
   +9                local.get[0]
  +11              br_table[4...]  --> +19: 1, +18: 1, +17: 2, +16: 2
  +17                         end  <-- +11: 2
  +18                         end  <-- +11: 1
  +19                         end  <-- +11: 1
  +20                         end
  +21                         end
func #5:
   +1                local.get[0]
   +3         br_on_null[depth=0]  <-- +5: 1, +5: 0
   +5                        drop  <-- +3: 1, +3: 0
   +6                         end
func #6:
   +1            block[externref]
   +3                local.get[0]
   +5     br_on_non_null[depth=0]  <-- +8: 0, +7: 1
   +7                 br[depth=1]  <-- +5: 1
   +9                         end
  +10                        drop
  +11                         end
func #7:
   +3               i32.const[20]
   +5                local.set[0]
   +7                      loop[]  <-- +18: 0
   +9                local.get[0]
  +11                i32.const[1]
  +13                     i32.sub
  +14                local.set[0]
  +16                local.get[0]
  +18              br_if[depth=0]  --> +7: 0, +20: 0
  +20                         end  <-- +18: 0
  +21                         end
