func "start":
   +3     i32.const[5]          
   +5     local.set[0]          
   +7     loop[]                  <-- +18: 4, +22: 0
   +9     local.get[0]          
  +11     i32.const[1]          
  +13     i32.sub               
  +14     local.set[0]          
  +16     local.get[0]          
  +18     br_if[depth=0]          --> +7: 4, +20: 1
  +20     local.get[0]            <-- +18: 1
  +22     br_if[depth=0]          --> +7: 0, +24: 1
  +24     end                     <-- +22: 1
  +25     call[func=2]          
  +27     end                   
func "foo":
   +3     i32.const[20]         
   +5     local.set[0]          
   +7     loop[]                  <-- +41: 19
   +9     block[]               
  +11     block[]               
  +13     block[]               
  +15     block[]               
  +17     local.get[0]          
  +19     i32.const[5]          
  +21     i32.rem_s             
  +22     br_table[4...]          --> +30: 4, +29: 4, +28: 4, +27: 8
  +28     end                     <-- +22: 4
  +29     end                     <-- +22: 4
  +30     end                     <-- +22: 4
  +31     end                   
  +32     local.get[0]          
  +34     i32.const[1]          
  +36     i32.sub               
  +37     local.set[0]          
  +39     local.get[0]          
  +41     br_if[depth=0]          --> +7: 19, +43: 1
  +43     end                     <-- +41: 1
  +44     end                   
