        func #4   +1:             6
        func #4   +3:             6
        func #4   +5:             6
        func #4   +7:             6
        func #4   +9:             6
        func #4  +11:             6
        func #4  +20:             6
        func #4  +21:             6
        func #4  +19:             5
        func #4  +18:             4
        func #2   +1:             3
 11 instrs                reach 50%
        func #2   +3:             3
        func #2   +5:             3
        func #2   +6:             3
        func #3   +1:             3
        func #3   +3:             3
        func #3   +5:             3
        func #4  +17:             2
        func #0   +1:             1
        func #0   +3:             1
        func #1   +1:             1
        func #1   +3:             1
        func #1   +5:             1
        func #1   +7:             1
        func #1   +9:             1
        func #1  +11:             1
        func #1  +13:             1
 27 instrs                reach 75%
        func #1  +15:             1
        func #1  +17:             1
        func #1  +19:             1
        func #1  +21:             1
        func #1  +23:             1
        func #1  +25:             1
        func #1  +27:             1
        func #1  +29:             1
        func #1  +31:             1
        func #1  +33:             1
        func #1  +35:             1
        func #1  +37:             1
        func #1  +39:             1
        func #1  +41:             1
        func #1  +43:             1
        func #1  +45:             1
        func #1  +47:             1
        func #1  +49:             1
 45 instrs                reach 90%
        func #1  +51:             1
        func #1  +53:             1
        func #1  +55:             1
        func #1  +57:             1
        func #5   +1:             1
        func #5   +3:             1
 51 instrs                reach 95%
        func #5   +6:             1
        func #6   +1:             1
        func #6   +3:             1
        func #6   +5:             1
 55 instrs                reach 99%
        func #6   +7:             1
        func #6  +11:             1
 57 instrs               reach 100%
        func #5   +5:             0
        func #6   +9:             0
        func #6  +10:             0
        func #7   +3:             0
        func #7   +5:             0
        func #7   +7:             0
        func #7   +9:             0
        func #7  +11:             0
        func #7  +13:             0
        func #7  +14:             0
        func #7  +16:             0
        func #7  +18:             0
        func #7  +20:             0
        func #7  +21:             0
