func #0:
   +1  * call[func=1]
   +3  * end
func #1:
   +1  * i32.const[1]
   +3  * call[func=2]
   +5  * i32.const[11]
   +7  * call[func=2]
   +9  * i32.const[0]
  +11  * call[func=2]
  +13  * i32.const[0]
  +15  * call[func=3]
  +17  * i32.const[0]
  +19  * call[func=3]
  +21  * i32.const[44]
  +23  * call[func=3]
  +25  * i32.const[0]
  +27  * call[func=4]
  +29  * i32.const[1]
  +31  * call[func=4]
  +33  * i32.const[2]
  +35  * call[func=4]
  +37  * i32.const[2]
  +39  * call[func=4]
  +41  * i32.const[3]
  +43  * call[func=4]
  +45  * i32.const[4]
  +47  * call[func=4]
  +49  * ref.null[extern]
  +51  * call[func=5]
  +53  * ref.null[extern]
  +55  * call[func=6]
  +57  * end
func #2:
   +1  * local.get[0]
   +3  * if[]
   +5  * end
   +6  * end
func #3:
   +1  * local.get[0]
   +3  * br_if[depth=0]
   +5  * end
func #4:
   +1  * block[]
   +3  * block[]
   +5  * block[]
   +7  * block[]
   +9  * local.get[0]
  +11  * br_table[4...]
  +17  * end
  +18  * end
  +19  * end
  +20  * end
  +21  * end
func #5:
   +1  * local.get[0]
   +3  * br_on_null[depth=0]
   +5    drop
   +6  * end
func #6:
   +1  * block[externref]
   +3  * local.get[0]
   +5  * br_on_non_null[depth=0]
   +7  * br[depth=1]
   +9    end
  +10    drop
  +11  * end
func #7:
   +3    i32.const[20]
   +5    local.set[0]
   +7    loop[]
   +9    local.get[0]
  +11    i32.const[1]
  +13    i32.sub
  +14    local.set[0]
  +16    local.get[0]
  +18    br_if[depth=0]
  +20    end
  +21    end
