----- reach 50%
----- reach 75%
----- reach 90%
----- reach 95%
----- reach 99%
---- reach 100%
func #0:
   +1      1	call[func=1]
   +3      1	end
func #1:
   +1      1	i32.const[1]
   +3      1	call[func=2]
   +5      1	i32.const[11]
   +7      1	call[func=2]
   +9      1	i32.const[0]
  +11      1	call[func=2]
  +13      1	i32.const[0]
  +15      1	call[func=3]
  +17      1	i32.const[0]
  +19      1	call[func=3]
  +21      1	i32.const[44]
  +23      1	call[func=3]
  +25      1	i32.const[0]
  +27      1	call[func=4]
  +29      1	i32.const[1]
  +31      1	call[func=4]
  +33      1	i32.const[2]
  +35      1	call[func=4]
  +37      1	i32.const[2]
  +39      1	call[func=4]
  +41      1	i32.const[3]
  +43      1	call[func=4]
  +45      1	i32.const[4]
  +47      1	call[func=4]
  +49      1	ref.null[extern]
  +51      1	call[func=5]
  +53      1	ref.null[extern]
  +55      1	call[func=6]
  +57      1	end
func #2:
   +1      3	local.get[0]
   +3      3	if[]
   +5      3	end
   +6      3	end
func #3:
   +1      3	local.get[0]
   +3      3	br_if[depth=0]
   +5      3	end
func #4:
   +1      6	block[]
   +3      6		block[]
   +5      6			block[]
   +7      6				block[]
   +9      6					local.get[0]
  +11      6					br_table[4...]
  +17      2				end
  +18      4			end
  +19      5		end
  +20      6	end
  +21      6	end
func #5:
   +1      1	local.get[0]
   +3      1	br_on_null[depth=0]
   +5      0	drop
   +6      1	end
func #6:
   +1      1	block[externref]
   +3      1		local.get[0]
   +5      1		br_on_non_null[depth=0]
   +7      1		br[depth=1]
   +9      0	end
  +10      0	drop
  +11      1	end
func #7:
   +3      0	i32.const[20]
   +5      0	local.set[0]
   +7      0	loop[]
   +9      0		local.get[0]
  +11      0		i32.const[1]
  +13      0		i32.sub
  +14      0		local.set[0]
  +16      0		local.get[0]
  +18      0		br_if[depth=0]
  +20      0	end
  +21      0	end
