Instr coverage:	57 / 71 (80.2%)
Block coverage:	18 / 24 (75.0%)
