func #0: 1
  +1: call [1]: 1
func #1: 1
  +3: call [2]: 1
  +7: call [2]: 1
  +11: call [2]: 1
  +15: call [3]: 1
  +19: call [3]: 1
  +23: call [3]: 1
  +27: call [4]: 1
  +31: call [4]: 1
  +35: call [4]: 1
  +39: call [4]: 1
  +43: call [4]: 1
  +47: call [4]: 1
  +51: call [5]: 1
  +55: call [6]: 1
func #2: 3
func #3: 3
func #4: 6
func #5: 1
func #6: 1
