func #7:
   +3	i32.const[20]
   +5	local.set[0]
   +7	-->	loop[]
   +9	|	local.get[0]
  +11	|	i32.const[1]
  +13	(0)	i32.sub
  +14	|	local.set[0]
  +16	|	local.get[0]
  +18	|	br_if[depth=0]
  +20	<--	end
  +21	end
