func #2:
   +3 if:	 [1, 2]
func #3:
   +3 br_if:	 [2, 1]
func #4:
  +11 br_table:	 [1, 1, 2, 2]
func #5:
   +3 br_on_null:	 [0, 1]
func #6:
   +5 br_on_non_null:	 [1, 0]
