func #0:
   +1 -->  call[func=1]
    -      end
func #1:
   +1 -->  i32.const[1]
    -      call[func=2]
    -      i32.const[11]
    -      call[func=2]
    -      i32.const[0]
    -      call[func=2]
    -      i32.const[0]
    -      call[func=3]
    -      i32.const[0]
    -      call[func=3]
    -      i32.const[44]
    -      call[func=3]
    -      i32.const[0]
    -      call[func=4]
    -      i32.const[1]
    -      call[func=4]
    -      i32.const[2]
    -      call[func=4]
    -      i32.const[2]
    -      call[func=4]
    -      i32.const[3]
    -      call[func=4]
    -      i32.const[4]
    -      call[func=4]
    -      ref.null[extern]
    -      call[func=5]
    -      ref.null[extern]
    -      call[func=6]
    -      end
func #2:
   +1 -->  local.get[0]
    -      if[]
   +5 -->  end
   +6 -->  end
func #3:
   +1 -->  local.get[0]
    -      br_if[depth=0]
   +5 -->  end
func #4:
   +1 -->  block[]
   +3 -->  block[]
   +5 -->  block[]
   +7 -->  block[]
    -      local.get[0]
    -      br_table[4...]
  +17 -->  end
  +18 -->  end
  +19 -->  end
  +20 -->  end
  +21 -->  end
func #5:
   +1 -->  local.get[0]
    -      br_on_null[depth=0]
    -      drop
    -      end
func #6:
   +1 -->  block[externref]
    -      local.get[0]
    -      br_on_non_null[depth=0]
    -      br[depth=1]
   +9      end
  +10      drop
    -      end
func #7:
   +3      i32.const[20]
    -      local.set[0]
   +7      loop[]
    -      local.get[0]
    -      i32.const[1]
    -      i32.sub
    -      local.set[0]
    -      local.get[0]
    -      br_if[depth=0]
  +20      end
  +21      end
