func "main": 1
  +9: call [2]: 3
  +11: call [3]: 3
  +13: call [4]: 3
  +34: call_indirect:
    <wasm func "baz">: 2
    <wasm func "bar">: 1
func "foo": 3
func "bar": 4
  +1: call [4]: 4
func "baz": 9
