func "main":
  +20 if:	 [0, 3]
  +44 br_if:	 [1, 2]
