func "start":
   +1      call[func=1]
    -      end
func "main":
   +3 -->  i32.const[3]
    -      local.set[0]
   +7 -->  loop[]
    -      call[func=2]
    -      call[func=3]
    -      call[func=4]
    -      local.get[0]
    -      i32.const[1]
    -      i32.ge_s
    -      if[]
  +22 -->  i32.const[123]
    -      drop
    -      else
  +27      i32.const[456]
    -      drop
    -      end
  +32 -->  local.get[0]
    -      call_indirect[sig=0,table=0]
    -      local.get[0]
    -      i32.const[1]
    -      i32.sub
    -      local.tee[0]
    -      br_if[depth=0]
  +46 -->  end
  +47 -->  end
func "foo":
   +1 -->  end
func "bar":
   +1 -->  call[func=4]
    -      end
func "baz":
   +1 -->  end
