----- reach 50%
----- reach 75%
----- reach 90%
----- reach 95%
----- reach 99%
---- reach 100%
func "start":
   +1      0	call[func=1]
   +3      0	end
func "main":
   +3      1	i32.const[3]
   +5      1	local.set[0]
   +7      3	loop[]
   +9      3		call[func=2]
  +11      3		call[func=3]
  +13      3		call[func=4]
  +15      3		local.get[0]
  +17      3		i32.const[1]
  +19      3		i32.ge_s
  +20      3		if[]
  +22      3			i32.const[123]
  +25      3			drop
  +26      3		else
  +27      0			i32.const[456]
  +30      0			drop
  +31      3		end
  +32      3		local.get[0]
  +34      3		call_indirect[sig=0,table=0]
  +37      3		local.get[0]
  +39      3		i32.const[1]
  +41      3		i32.sub
  +42      3		local.tee[0]
  +44      3		br_if[depth=0]
  +46      1	end
  +47      1	end
func "foo":
   +1      3	end
func "bar":
   +1      4	call[func=4]
   +3      4	end
func "baz":
   +1      9	end
