     func "baz"   +1:             9
     func "bar"   +1:             4
     func "bar"   +3:             4
    func "main"   +7:             3
    func "main"   +9:             3
    func "main"  +11:             3
    func "main"  +13:             3
    func "main"  +15:             3
    func "main"  +17:             3
    func "main"  +19:             3
    func "main"  +20:             3
 11 instrs                reach 50%
    func "main"  +22:             3
    func "main"  +25:             3
    func "main"  +26:             3
    func "main"  +31:             3
    func "main"  +32:             3
    func "main"  +34:             3
    func "main"  +37:             3
 18 instrs                reach 75%
    func "main"  +39:             3
    func "main"  +41:             3
    func "main"  +42:             3
    func "main"  +44:             3
 22 instrs                reach 90%
     func "foo"   +1:             3
 23 instrs                reach 95%
    func "main"   +3:             1
    func "main"   +5:             1
    func "main"  +46:             1
 26 instrs                reach 99%
    func "main"  +47:             1
 27 instrs               reach 100%
   func "start"   +1:             0
   func "start"   +3:             0
    func "main"  +27:             0
    func "main"  +30:             0
