func "start":
   +1    call[func=1]
   +3    end
func "main":
   +3  * i32.const[3]
   +5  * local.set[0]
   +7  * loop[]
   +9  * call[func=2]
  +11  * call[func=3]
  +13  * call[func=4]
  +15  * local.get[0]
  +17  * i32.const[1]
  +19  * i32.ge_s
  +20  * if[]
  +22  * i32.const[123]
  +25  * drop
  +26  * else
  +27    i32.const[456]
  +30    drop
  +31  * end
  +32  * local.get[0]
  +34  * call_indirect[sig=0,table=0]
  +37  * local.get[0]
  +39  * i32.const[1]
  +41  * i32.sub
  +42  * local.tee[0]
  +44  * br_if[depth=0]
  +46  * end
  +47  * end
func "foo":
   +1  * end
func "bar":
   +1  * call[func=4]
   +3  * end
func "baz":
   +1  * end
