func "main":
   +3     i32.const[1005]       
   +6     local.set[0]          
   +8     loop[]                  <-- +19: 1004
  +10     call[func=2]          
  +12     local.get[0]          
  +14     i32.const[1]          
  +16     i32.sub               
  +17     local.tee[0]          
  +19     br_if[depth=0]          --> +8: 1004, +21: 1
  +21     end                     <-- +19: 1
  +22     end                   
