func #2:
   +3     i32.const[133]        
   +6     local.set[0]          
   +8     loop[]                  <-- +47: 132
  +10     i32.const[1]          
  +12     if[]                    --> +18: 133, +14: 0
  +14     i32.const[3]            <-- +12: 0
  +16     local.set[1]          
  +18     else                    <-- +12: 133
  +19     i32.const[5]          
  +21     local.set[1]          
  +23     end                   
  +24     loop[]                  <-- +35: 266
  +26     local.get[1]          
  +28     i32.const[1]          
  +30     i32.sub               
  +31     local.set[1]          
  +33     local.get[1]          
  +35     br_if[depth=0]          --> +24: 266, +37: 133
  +37     end                     <-- +35: 133
  +38     local.get[0]          
  +40     i32.const[1]          
  +42     i32.sub               
  +43     local.set[0]          
  +45     local.get[0]          
  +47     br_if[depth=0]          --> +8: 132, +49: 1
  +49     end                     <-- +47: 1
  +50     i32.const[123]        
  +53     local.set[0]          
  +55     loop[]                  <-- +66: 122
  +57     local.get[0]          
  +59     i32.const[1]          
  +61     i32.sub               
  +62     local.set[0]          
  +64     local.get[0]          
  +66     br_if[depth=0]          --> +55: 122, +68: 1
  +68     end                     <-- +66: 1
  +69     end                   
