echo.wasm 1 222 3ABC 
func #3:
   +3     block[]               
   +5     loop[]                
   +7     local.get[1]          
   +9     local.get[0]          
  +11     i32.ge_u              
  +12     br_if[depth=1]          --> +44: 1, +14: 4
  +14     i32.const[1]            <-- +12: 4
  +16     i32.const[100]        
  +19     local.get[1]          
  +21     i32.const[100]        
  +24     i32.const[64000]      
  +28     call[func=1]          
  +30     call[func=2]          
  +32     drop                  
  +33     call[func=4]          
  +35     local.get[1]          
  +37     i32.const[1]          
  +39     i32.add               
  +40     local.set[1]          
  +42     br[depth=0]           
  +44     end                     <-- +12: 1
  +45     end                   
  +46     call[func=5]          
  +48     i32.const[0]          
  +50     end                   
