func "main":
   +1     block[]               
   +3     i32.const[0]          
   +5     br_if[depth=0]          --> +6: 0, +7: 1
   +7     end                     <-- +5: 1
   +8     block[]               
  +10     i32.const[0]          
  +12     br_if[depth=0]          --> +13: 0, +14: 1
  +14     end                     <-- +12: 1
  +15     call[func=0]          
  +17     block[]               
  +19     i32.const[0]          
  +21     br_if[depth=0]          --> +22: 0, +23: 1
  +23     end                     <-- +21: 1
  +24     call[func=0]          
  +26     block[]               
  +28     i32.const[0]          
  +30     br_if[depth=0]          --> +31: 0, +32: 1
  +32     end                     <-- +30: 1
  +33     call[func=0]          
  +35     end                   
