func #1:
   +3     i32.const[10]         
   +5     local.set[0]          
   +7     loop[]                  <-- +36: 9
   +9     call[func=2]          
  +11     call[func=3]          
  +13     call[func=2]          
  +15     call[func=4]          
  +17     call[func=2]          
  +19     call[func=2]          
  +21     call[func=2]          
  +23     call[func=3]          
  +25     call[func=3]          
  +27     call[func=2]          
  +29     local.get[0]          
  +31     i32.const[1]          
  +33     i32.sub               
  +34     local.tee[0]          
  +36     br_if[depth=0]          --> +7: 9, +38: 1
  +38     end                     <-- +36: 1
  +39     end                   
