func #1:
   +3     i32.const[133]        
   +6     local.set[0]          
   +8     loop[]                  <-- +37: 132
  +10     i32.const[3]          
  +12     local.set[1]          
  +14     loop[]                  <-- +25: 266
  +16     local.get[1]          
  +18     i32.const[1]          
  +20     i32.sub               
  +21     local.set[1]          
  +23     local.get[1]          
  +25     br_if[depth=0]          --> +14: 266, +27: 133
  +27     end                     <-- +25: 133
  +28     local.get[0]          
  +30     i32.const[1]          
  +32     i32.sub               
  +33     local.set[0]          
  +35     local.get[0]          
  +37     br_if[depth=0]          --> +8: 132, +39: 1
  +39     end                     <-- +37: 1
  +40     i32.const[123]        
  +43     local.set[0]          
  +45     loop[]                  <-- +56: 122
  +47     local.get[0]          
  +49     i32.const[1]          
  +51     i32.sub               
  +52     local.set[0]          
  +54     local.get[0]          
  +56     br_if[depth=0]          --> +45: 122, +58: 1
  +58     end                     <-- +56: 1
  +59     end                   
