func "start":
   +1     loop[]                  <-- +12: 598
   +3     local.get[0]          
   +5     i32.const[1]          
   +7     i32.sub               
   +8     local.set[0]          
  +10     local.get[0]          
  +12     br_if[depth=0]          --> +1: 598, +14: 2
  +14     end                     <-- +12: 2
  +15     end                   
func "foo":
   +3     loop[]                  <-- +29: 48
   +5     block[]               
   +7     local.get[0]          
   +9     i32.eqz               
  +10     br_if[depth=0]          --> +15: 52, +12: 12
  +12     i32.const[0]            <-- +10: 12
  +14     call[func=2]          
  +16     end                   
  +17     local.get[1]          
  +19     i32.const[1]          
  +21     i32.add               
  +22     local.set[1]          
  +24     local.get[1]          
  +26     i32.const[3]          
  +28     i32.le_u              
  +29     br_if[depth=0]          --> +3: 48, +31: 16
  +31     end                     <-- +29: 16
  +32     local.get[0]          
  +34     i32.eqz               
  +35     br_if[depth=0]          --> +43: 13, +37: 3
  +37     local.get[0]            <-- +35: 3
  +39     i32.const[1]          
  +41     i32.sub               
  +42     call[func=2]          
  +44     end                   
