func #1:
   +3     i32.const[16]         
   +5     local.set[0]          
   +7     loop[]                  <-- +53: 15
   +9     i32.const[123]        
  +12     local.get[0]          
  +14     i32.add               
  +15     i32.load[align=2,offset=0]
  +18     drop                  
  +19     i32.const[1]          
  +21     i32.const[123]        
  +24     local.get[0]          
  +26     i32.add               
  +27     i32.store[align=2,offset=0]
  +30     i32.const[1]          
  +32     i32.const[123]        
  +35     local.get[0]          
  +37     i32.add               
  +38     i32.store[align=2,offset=0]
  +41     local.get[0]          
  +43     i32.const[1]          
  +45     i32.sub               
  +46     local.tee[0]          
  +48     i32.const[1]          
  +50     memory.grow[mem=0]    
  +52     drop                  
  +53     br_if[depth=0]          --> +7: 15, +55: 1
  +55     end                     <-- +53: 1
  +56     end                   
