func "start":
   +1     nop                   
   +2     nop                   
   +3     nop                   
   +4     nop                   
   +5     nop                   
   +6     nop                   
   +7     nop                   
   +8     nop                   
   +9     nop                   
  +10     nop                   
  +11     loop[]                  <-- +22: 999
  +13     local.get[0]          
  +15     i32.const[1]          
  +17     i32.sub               
  +18     local.set[0]          
  +20     local.get[0]          
  +22     br_if[depth=0]          --> +11: 999, +24: 1
  +24     end                     <-- +22: 1
  +25     end                   
