func "start":
   +3     i32.const[50]         
   +5     local.set[0]          
   +7     loop[]                  <-- +38: 98
   +9     call[func=2]          
  +11     call[func=3]          
  +13     call[func=2]          
  +15     call[func=4]          
  +17     call[func=2]          
  +19     call[func=2]          
  +21     call[func=2]          
  +23     call[func=3]          
  +25     call[func=3]          
  +27     call[func=2]          
  +29     local.get[0]          
  +31     i32.const[1]          
  +33     i32.sub               
  +34     local.set[0]          
  +36     local.get[0]          
  +38     br_if[depth=0]          --> +7: 98, +40: 2
  +40     end                     <-- +38: 2
  +41     end                   
